// Jest Snapshot v1, https://goo.gl/fbAQLP

exports[`<App /> should render and match the snapshot 1`] = `
<BrowserRouter
  basename="/josh.maldonado.githib.io"
>
  <Helmet
    defaultTitle="Josh Maldonado"
    defer={true}
    encodeSpecialCharacters={true}
    htmlAttributes={
      Object {
        "lang": undefined,
      }
    }
    titleTemplate="Josh Maldonado - %s"
  >
    <meta
      content="Josh Maldonado's personal website"
      name="description"
    />
  </Helmet>
  <Routes />
  <Memo(GlobalStyleComponent) />
</BrowserRouter>
`;
